// Jest Snapshot v1, https://goo.gl/fbAQLP

exports[`Page: TestValidationPage should match snapshot 1`] = `
ShallowWrapper {
  Symbol(enzyme.__root__): [Circular],
  Symbol(enzyme.__unrendered__): <TestValidationPage />,
  Symbol(enzyme.__renderer__): Object {
    "batchedUpdates": [Function],
    "getNode": [Function],
    "render": [Function],
    "simulateError": [Function],
    "simulateEvent": [Function],
    "unmount": [Function],
  },
  Symbol(enzyme.__node__): Object {
    "instance": null,
    "key": undefined,
    "nodeType": "host",
    "props": Object {
      "children": Array [
        <h1>
          Validation Test
        </h1>,
        <input
          onBlur={[Function]}
          onChange={[Function]}
          style={
            Object {
              "borderColor": "red",
            }
          }
          value=""
        />,
        "",
      ],
    },
    "ref": null,
    "rendered": Array [
      Object {
        "instance": null,
        "key": undefined,
        "nodeType": "host",
        "props": Object {
          "children": "Validation Test",
        },
        "ref": null,
        "rendered": "Validation Test",
        "type": "h1",
      },
      Object {
        "instance": null,
        "key": undefined,
        "nodeType": "host",
        "props": Object {
          "onBlur": [Function],
          "onChange": [Function],
          "style": Object {
            "borderColor": "red",
          },
          "value": "",
        },
        "ref": null,
        "rendered": null,
        "type": "input",
      },
      "",
    ],
    "type": "div",
  },
  Symbol(enzyme.__nodes__): Array [
    Object {
      "instance": null,
      "key": undefined,
      "nodeType": "host",
      "props": Object {
        "children": Array [
          <h1>
            Validation Test
          </h1>,
          <input
            onBlur={[Function]}
            onChange={[Function]}
            style={
              Object {
                "borderColor": "red",
              }
            }
            value=""
          />,
          "",
        ],
      },
      "ref": null,
      "rendered": Array [
        Object {
          "instance": null,
          "key": undefined,
          "nodeType": "host",
          "props": Object {
            "children": "Validation Test",
          },
          "ref": null,
          "rendered": "Validation Test",
          "type": "h1",
        },
        Object {
          "instance": null,
          "key": undefined,
          "nodeType": "host",
          "props": Object {
            "onBlur": [Function],
            "onChange": [Function],
            "style": Object {
              "borderColor": "red",
            },
            "value": "",
          },
          "ref": null,
          "rendered": null,
          "type": "input",
        },
        "",
      ],
      "type": "div",
    },
  ],
  Symbol(enzyme.__options__): Object {
    "adapter": ReactSixteenAdapter {
      "options": Object {
        "enableComponentDidUpdateOnSetState": true,
        "lifecycles": Object {
          "componentDidUpdate": Object {
            "onSetState": true,
          },
          "getDerivedStateFromProps": true,
          "getSnapshotBeforeUpdate": true,
          "setState": Object {
            "skipsComponentDidUpdateOnNullish": true,
          },
        },
      },
    },
  },
}
`;
